--- Testing Diretta.it Access ---
Main Page Status: 200
Could not find fsign in main page content.
Fetching matches from: https://www.diretta.it/x/feed/f_1_0_2_it_1
Matches Feed Status: 200
Content Length: 231515
Content Preview (first 100 chars): SA¸1¼~ZA¸ARABIA SAUDITA: Saudi Professional League¼ZEE¸tUxUbLR2¼ZB¸165¼ZY¸Arabia Saudita¼ZC¸K4QfYeJ8
Estimated matches: 261
Match with odds found! ID: pMoNkyle
Fetching odds from: https://www.diretta.it/x/feed/f_od_1_pMoNkyle_it_1
Odds Feed Status: 200
Odds Content Length: 1
Odds feed empty or no odds for this match.
